INFO 2026-05-13 11:09:53,872 signals 61232 138345632567616 User testuser logged in successfully.
INFO 2026-05-13 11:09:53,877 views 61232 138345632567616 Analytics dashboard opened: user_id=1
INFO 2026-05-13 11:09:54,182 signals 61232 138345632567616 User testuser logged in successfully.
INFO 2026-05-13 11:09:54,474 signals 61232 138345632567616 User testuser logged in successfully.
INFO 2026-05-13 11:09:54,770 signals 61232 138345632567616 User testuser logged in successfully.
INFO 2026-05-13 11:09:54,776 views 61232 138345632567616 Habit created: user_id=1 habit_id=1 title=Morning run
INFO 2026-05-13 11:09:55,062 signals 61232 138345632567616 User testuser logged in successfully.
INFO 2026-05-13 11:09:55,069 views 61232 138345632567616 Habit updated: user_id=1 habit_id=1 title=Updated title
INFO 2026-05-13 11:09:55,352 signals 61232 138345632567616 User testuser logged in successfully.
WARNING 2026-05-13 11:09:55,358 views 61232 138345632567616 Habit deleted: user_id=1 habit_id=1 title=Read daily
INFO 2026-05-13 11:09:55,919 signals 61232 138345632567616 User anotheruser logged in successfully.
WARNING 2026-05-13 11:09:55,922 views 61232 138345632567616 Unauthorized habit access attempt: user_id=1 habit_id=1 owner_id=2
WARNING 2026-05-13 11:09:55,924 log 61232 138345632567616 Not Found: /habits/1/
INFO 2026-05-13 11:09:56,207 signals 61232 138345632567616 User testuser logged in successfully.
INFO 2026-05-13 11:09:56,213 views 61232 138345632567616 Habit completed: user_id=1 habit_id=1 completion_date=2026-05-13
INFO 2026-05-13 11:09:56,503 signals 61232 138345632567616 User testuser logged in successfully.
INFO 2026-05-13 11:09:56,508 views 61232 138345632567616 Habit completion skipped (already completed today): user_id=1 habit_id=1 completion_date=2026-05-13
INFO 2026-05-13 11:09:56,830 signals 61232 138345632567616 User newuser logged in successfully.
INFO 2026-05-13 11:09:56,831 views 61232 138345632567616 User newuser registered successfully.
WARNING 2026-05-13 11:09:56,837 views 61232 138345632567616 Registration failed with errors: {"username": [{"message": "\u0418\u043c\u044f \u043f\u043e\u043b\u044c\u0437\u043e\u0432\u0430\u0442\u0435\u043b\u044f \u0434\u043e\u043b\u0436\u043d\u043e \u0441\u043e\u0434\u0435\u0440\u0436\u0430\u0442\u044c \u043c\u0438\u043d\u0438\u043c\u0443\u043c 5 \u0441\u0438\u043c\u0432\u043e\u043b\u043e\u0432.", "code": ""}], "email": [{"message": "\u041e\u0431\u044f\u0437\u0430\u0442\u0435\u043b\u044c\u043d\u043e\u0435 \u043f\u043e\u043b\u0435.", "code": "required"}]}
INFO 2026-05-13 11:09:57,415 signals 61232 138345632567616 User testuser logged in successfully.
INFO 2026-05-13 11:09:57,699 signals 61232 138345632567616 User testuser logged in successfully.
INFO 2026-05-13 11:09:57,985 signals 61232 138345632567616 User testuser logged in successfully.
INFO 2026-05-13 11:15:54,359 autoreload 68714 136444620362048 Watching for file changes with StatReloader
INFO 2026-05-13 11:16:02,288 log 68714 136443728004800 "GET / HTTP/1.1" 200 6288
WARNING 2026-05-13 11:16:10,309 log 68714 136443728004800 Not Found: /favicon.ico
WARNING 2026-05-13 11:16:10,310 log 68714 136443728004800 "GET /favicon.ico HTTP/1.1" 404 3053
INFO 2026-05-13 11:16:15,381 log 68714 136443728004800 "GET /auth/register/ HTTP/1.1" 200 8522
INFO 2026-05-13 11:16:53,324 signals 68714 136443728004800 User Никита logged in successfully.
INFO 2026-05-13 11:16:53,324 views 68714 136443728004800 User Никита registered successfully.
INFO 2026-05-13 11:16:53,328 log 68714 136443728004800 "POST /auth/register/ HTTP/1.1" 302 0
INFO 2026-05-13 11:16:53,342 log 68714 136443728004800 "GET /habits/ HTTP/1.1" 200 4403
INFO 2026-05-13 11:16:57,057 log 68714 136443728004800 "GET /habits/create/ HTTP/1.1" 200 9688
INFO 2026-05-13 11:17:14,487 views 68714 136443728004800 Habit created: user_id=1 habit_id=1 title=кодить
INFO 2026-05-13 11:17:14,488 log 68714 136443728004800 "POST /habits/create/ HTTP/1.1" 302 0
INFO 2026-05-13 11:17:14,523 log 68714 136443728004800 "GET /habits/1/ HTTP/1.1" 200 7361
INFO 2026-05-13 11:17:23,084 views 68714 136443728004800 Habit completed: user_id=1 habit_id=1 completion_date=2026-05-13
INFO 2026-05-13 11:17:23,086 log 68714 136443728004800 "POST /habits/1/complete/ HTTP/1.1" 302 0
INFO 2026-05-13 11:17:23,118 log 68714 136443728004800 "GET /habits/1/ HTTP/1.1" 200 7673
INFO 2026-05-13 11:17:25,731 views 68714 136443728004800 Habit completion skipped (already completed today): user_id=1 habit_id=1 completion_date=2026-05-13
INFO 2026-05-13 11:17:25,732 log 68714 136443728004800 "POST /habits/1/complete/ HTTP/1.1" 302 0
INFO 2026-05-13 11:17:25,767 log 68714 136443728004800 "GET /habits/1/ HTTP/1.1" 200 7673
INFO 2026-05-13 11:17:35,254 views 68714 136443728004800 Habit completion skipped (already completed today): user_id=1 habit_id=1 completion_date=2026-05-13
INFO 2026-05-13 11:17:35,256 log 68714 136443728004800 "POST /habits/1/complete/ HTTP/1.1" 302 0
INFO 2026-05-13 11:17:35,290 log 68714 136443728004800 "GET /habits/1/ HTTP/1.1" 200 7673
INFO 2026-05-13 11:18:26,430 views 68714 136443728004800 Analytics dashboard opened: user_id=1
WARNING 2026-05-13 11:18:28,016 external_api 68714 136443728004800 Failed to fetch motivational quote: HTTPSConnectionPool(host='api.quotable.io', port=443): Max retries exceeded with url: /random (Caused by NameResolutionError("HTTPSConnection(host='api.quotable.io', port=443): Failed to resolve 'api.quotable.io' ([Errno -3] Temporary failure in name resolution)"))
INFO 2026-05-13 11:18:28,804 log 68714 136443728004800 "GET /analytics/ HTTP/1.1" 200 153921
INFO 2026-05-13 11:19:00,063 autoreload 68714 136444620362048 /home/wexp/DSTU/3.2/progMathods/project/habit-tracker/habits/views.py changed, reloading.
INFO 2026-05-13 11:19:00,718 autoreload 71785 131043665580352 Watching for file changes with StatReloader
INFO 2026-05-13 11:19:07,878 signals 71973 125641423618368 User testuser logged in successfully.
INFO 2026-05-13 11:19:07,885 views 71973 125641423618368 Habit created: user_id=1 habit_id=1 title=Morning run
INFO 2026-05-13 11:19:08,176 signals 71973 125641423618368 User testuser logged in successfully.
INFO 2026-05-13 11:19:08,184 views 71973 125641423618368 Habit updated: user_id=1 habit_id=1 title=Updated title
INFO 2026-05-13 11:19:08,472 signals 71973 125641423618368 User testuser logged in successfully.
WARNING 2026-05-13 11:19:08,479 views 71973 125641423618368 Habit deleted: user_id=1 habit_id=1 title=Read daily
INFO 2026-05-13 11:19:09,050 signals 71973 125641423618368 User anotheruser logged in successfully.
WARNING 2026-05-13 11:19:09,053 views 71973 125641423618368 Unauthorized habit access attempt: user_id=1 habit_id=1 owner_id=2
WARNING 2026-05-13 11:19:09,061 log 71973 125641423618368 Not Found: /habits/1/
INFO 2026-05-13 11:19:09,348 signals 71973 125641423618368 User testuser logged in successfully.
INFO 2026-05-13 11:19:09,353 views 71973 125641423618368 Habit completed: user_id=1 habit_id=1 completion_date=2026-05-13
INFO 2026-05-13 11:19:09,643 signals 71973 125641423618368 User testuser logged in successfully.
INFO 2026-05-13 11:19:09,648 views 71973 125641423618368 Habit completion skipped (already completed today): user_id=1 habit_id=1 completion_date=2026-05-13
INFO 2026-05-13 11:19:27,966 log 71785 131042772842176 "GET /habits/ HTTP/1.1" 200 5748
INFO 2026-05-13 11:19:30,799 log 71785 131042772842176 "GET /habits/1/ HTTP/1.1" 200 7066
INFO 2026-05-13 11:24:10,519 views 71785 131042772842176 Habit completion skipped (already completed today): user_id=1 habit_id=1 completion_date=2026-05-13
INFO 2026-05-13 11:24:10,520 log 71785 131042772842176 "POST /habits/1/complete/ HTTP/1.1" 302 0
INFO 2026-05-13 11:24:10,546 log 71785 131042772842176 "GET /habits/1/ HTTP/1.1" 200 7066
INFO 2026-05-13 11:24:18,530 log 71785 131042772842176 "GET /habits/1/edit/ HTTP/1.1" 200 9749
INFO 2026-05-13 11:24:27,030 log 71785 131042772842176 "POST /habits/1/edit/ HTTP/1.1" 200 10025
INFO 2026-05-13 11:24:32,746 views 71785 131042772842176 Habit updated: user_id=1 habit_id=1 title=кодить
INFO 2026-05-13 11:24:32,747 log 71785 131042772842176 "POST /habits/1/edit/ HTTP/1.1" 302 0
INFO 2026-05-13 11:24:32,772 log 71785 131042772842176 "GET /habits/1/ HTTP/1.1" 200 7066
INFO 2026-05-13 11:24:34,450 views 71785 131042772842176 Habit completion skipped (already completed today): user_id=1 habit_id=1 completion_date=2026-05-13
INFO 2026-05-13 11:24:34,452 log 71785 131042772842176 "POST /habits/1/complete/ HTTP/1.1" 302 0
INFO 2026-05-13 11:24:34,480 log 71785 131042772842176 "GET /habits/1/ HTTP/1.1" 200 7066
INFO 2026-05-13 11:24:35,470 views 71785 131042772842176 Habit completion skipped (already completed today): user_id=1 habit_id=1 completion_date=2026-05-13
INFO 2026-05-13 11:24:35,472 log 71785 131042772842176 "POST /habits/1/complete/ HTTP/1.1" 302 0
INFO 2026-05-13 11:24:35,499 log 71785 131042772842176 "GET /habits/1/ HTTP/1.1" 200 7066
INFO 2026-05-13 11:24:36,195 views 71785 131042772842176 Habit completion skipped (already completed today): user_id=1 habit_id=1 completion_date=2026-05-13
INFO 2026-05-13 11:24:36,196 log 71785 131042772842176 "POST /habits/1/complete/ HTTP/1.1" 302 0
INFO 2026-05-13 11:24:36,222 log 71785 131042772842176 "GET /habits/1/ HTTP/1.1" 200 7066
INFO 2026-05-13 11:24:37,473 views 71785 131042772842176 Habit completion skipped (already completed today): user_id=1 habit_id=1 completion_date=2026-05-13
INFO 2026-05-13 11:24:37,475 log 71785 131042772842176 "POST /habits/1/complete/ HTTP/1.1" 302 0
INFO 2026-05-13 11:24:37,509 log 71785 131042772842176 "GET /habits/1/ HTTP/1.1" 200 7066
INFO 2026-05-13 11:24:39,187 views 71785 131042772842176 Analytics dashboard opened: user_id=1
WARNING 2026-05-13 11:24:39,420 external_api 71785 131042772842176 Failed to fetch motivational quote: HTTPSConnectionPool(host='api.quotable.io', port=443): Max retries exceeded with url: /random (Caused by NameResolutionError("HTTPSConnection(host='api.quotable.io', port=443): Failed to resolve 'api.quotable.io' ([Errno -3] Temporary failure in name resolution)"))
INFO 2026-05-13 11:24:40,229 log 71785 131042772842176 "GET /analytics/ HTTP/1.1" 200 154593
INFO 2026-05-13 11:24:55,917 log 71785 131042772842176 "GET /habits/1/edit/ HTTP/1.1" 200 9749
INFO 2026-05-13 11:24:58,459 log 71785 131042772842176 "GET /habits/create/ HTTP/1.1" 200 9688
INFO 2026-05-13 11:25:10,756 views 71785 131042772842176 Habit created: user_id=1 habit_id=2 title=7000 шагов
INFO 2026-05-13 11:25:10,757 log 71785 131042772842176 "POST /habits/create/ HTTP/1.1" 302 0
INFO 2026-05-13 11:25:10,781 log 71785 131042772842176 "GET /habits/2/ HTTP/1.1" 200 6769
INFO 2026-05-13 11:25:14,132 log 71785 131042772842176 "GET /habits/ HTTP/1.1" 200 7546
INFO 2026-05-13 11:25:15,876 log 71785 131042772842176 "GET /habits/create/ HTTP/1.1" 200 9688
INFO 2026-05-13 11:25:19,931 views 71785 131042772842176 Habit created: user_id=1 habit_id=3 title=читать 20 минут
INFO 2026-05-13 11:25:19,932 log 71785 131042772842176 "POST /habits/create/ HTTP/1.1" 302 0
INFO 2026-05-13 11:25:19,954 log 71785 131042772842176 "GET /habits/3/ HTTP/1.1" 200 6791
INFO 2026-05-13 11:25:23,524 log 71785 131042772842176 "GET /habits/ HTTP/1.1" 200 9355
INFO 2026-05-13 11:25:25,389 log 71785 131042772842176 "GET /habits/create/ HTTP/1.1" 200 9688
INFO 2026-05-13 11:25:34,699 views 71785 131042772842176 Habit created: user_id=1 habit_id=4 title=ванять
INFO 2026-05-13 11:25:34,700 log 71785 131042772842176 "POST /habits/create/ HTTP/1.1" 302 0
INFO 2026-05-13 11:25:34,725 log 71785 131042772842176 "GET /habits/4/ HTTP/1.1" 200 6763
INFO 2026-05-13 11:25:36,765 log 71785 131042772842176 "GET /habits/ HTTP/1.1" 200 11150
INFO 2026-05-13 11:25:38,093 views 71785 131042772842176 Analytics dashboard opened: user_id=1
INFO 2026-05-13 11:25:38,772 log 71785 131042772842176 "GET /analytics/ HTTP/1.1" 200 166599
INFO 2026-05-13 11:25:41,992 log 71785 131042772842176 "GET / HTTP/1.1" 200 6625
INFO 2026-05-13 11:25:45,296 log 71785 131042772842176 "GET /auth/password_change/ HTTP/1.1" 200 6491
INFO 2026-05-13 11:26:00,696 log 71785 131042772842176 "POST /auth/password_change/ HTTP/1.1" 302 0
INFO 2026-05-13 11:26:00,708 log 71785 131042772842176 "GET /auth/password_change/done/ HTTP/1.1" 200 3980
INFO 2026-05-13 11:26:02,955 log 71785 131042772842176 "GET / HTTP/1.1" 200 6625
INFO 2026-05-13 11:31:46,762 signals 80139 135904815448384 User testuser logged in successfully.
INFO 2026-05-13 11:31:46,768 views 80139 135904815448384 Analytics dashboard opened: user_id=1
INFO 2026-05-13 11:31:47,065 signals 80139 135904815448384 User testuser logged in successfully.
INFO 2026-05-13 11:31:47,355 signals 80139 135904815448384 User testuser logged in successfully.
INFO 2026-05-13 11:31:47,651 signals 80139 135904815448384 User testuser logged in successfully.
INFO 2026-05-13 11:31:47,656 views 80139 135904815448384 Habit created: user_id=1 habit_id=1 title=Morning run
INFO 2026-05-13 11:31:47,937 signals 80139 135904815448384 User testuser logged in successfully.
INFO 2026-05-13 11:31:47,944 views 80139 135904815448384 Habit updated: user_id=1 habit_id=1 title=Updated title
INFO 2026-05-13 11:31:48,224 signals 80139 135904815448384 User testuser logged in successfully.
WARNING 2026-05-13 11:31:48,231 views 80139 135904815448384 Habit deleted: user_id=1 habit_id=1 title=Read daily
INFO 2026-05-13 11:31:48,796 signals 80139 135904815448384 User anotheruser logged in successfully.
WARNING 2026-05-13 11:31:48,799 views 80139 135904815448384 Unauthorized habit access attempt: user_id=1 habit_id=1 owner_id=2
WARNING 2026-05-13 11:31:48,801 log 80139 135904815448384 Not Found: /habits/1/
INFO 2026-05-13 11:31:49,081 signals 80139 135904815448384 User testuser logged in successfully.
INFO 2026-05-13 11:31:49,086 views 80139 135904815448384 Habit completed: user_id=1 habit_id=1 completion_date=2026-05-13
INFO 2026-05-13 11:31:49,370 signals 80139 135904815448384 User testuser logged in successfully.
INFO 2026-05-13 11:31:49,375 views 80139 135904815448384 Habit completion skipped (already completed today): user_id=1 habit_id=1 completion_date=2026-05-13
INFO 2026-05-13 11:31:49,695 signals 80139 135904815448384 User newuser logged in successfully.
INFO 2026-05-13 11:31:49,695 views 80139 135904815448384 User newuser registered successfully.
WARNING 2026-05-13 11:31:49,701 views 80139 135904815448384 Registration failed with errors: {"username": [{"message": "\u0418\u043c\u044f \u043f\u043e\u043b\u044c\u0437\u043e\u0432\u0430\u0442\u0435\u043b\u044f \u0434\u043e\u043b\u0436\u043d\u043e \u0441\u043e\u0434\u0435\u0440\u0436\u0430\u0442\u044c \u043c\u0438\u043d\u0438\u043c\u0443\u043c 5 \u0441\u0438\u043c\u0432\u043e\u043b\u043e\u0432.", "code": ""}], "email": [{"message": "\u041e\u0431\u044f\u0437\u0430\u0442\u0435\u043b\u044c\u043d\u043e\u0435 \u043f\u043e\u043b\u0435.", "code": "required"}]}
INFO 2026-05-13 11:31:50,269 signals 80139 135904815448384 User testuser logged in successfully.
INFO 2026-05-13 11:31:50,555 signals 80139 135904815448384 User testuser logged in successfully.
INFO 2026-05-13 11:31:50,839 signals 80139 135904815448384 User testuser logged in successfully.
INFO 2026-05-13 11:32:39,910 signals 80300 135771941556544 User testuser logged in successfully.
INFO 2026-05-13 11:32:39,915 views 80300 135771941556544 Analytics dashboard opened: user_id=1
INFO 2026-05-13 11:32:40,209 signals 80300 135771941556544 User testuser logged in successfully.
INFO 2026-05-13 11:32:40,497 signals 80300 135771941556544 User testuser logged in successfully.
INFO 2026-05-13 11:32:40,789 signals 80300 135771941556544 User testuser logged in successfully.
INFO 2026-05-13 11:32:40,794 views 80300 135771941556544 Habit created: user_id=1 habit_id=1 title=Morning run
INFO 2026-05-13 11:32:41,079 signals 80300 135771941556544 User testuser logged in successfully.
INFO 2026-05-13 11:32:41,087 views 80300 135771941556544 Habit updated: user_id=1 habit_id=1 title=Updated title
INFO 2026-05-13 11:32:41,370 signals 80300 135771941556544 User testuser logged in successfully.
WARNING 2026-05-13 11:32:41,377 views 80300 135771941556544 Habit deleted: user_id=1 habit_id=1 title=Read daily
INFO 2026-05-13 11:32:41,938 signals 80300 135771941556544 User anotheruser logged in successfully.
WARNING 2026-05-13 11:32:41,942 views 80300 135771941556544 Unauthorized habit access attempt: user_id=1 habit_id=1 owner_id=2
WARNING 2026-05-13 11:32:41,943 log 80300 135771941556544 Not Found: /habits/1/
INFO 2026-05-13 11:32:42,225 signals 80300 135771941556544 User testuser logged in successfully.
INFO 2026-05-13 11:32:42,230 views 80300 135771941556544 Habit completed: user_id=1 habit_id=1 completion_date=2026-05-13
INFO 2026-05-13 11:32:42,514 signals 80300 135771941556544 User testuser logged in successfully.
INFO 2026-05-13 11:32:42,519 views 80300 135771941556544 Habit completion skipped (already completed today): user_id=1 habit_id=1 completion_date=2026-05-13
INFO 2026-05-13 11:32:42,841 signals 80300 135771941556544 User newuser logged in successfully.
INFO 2026-05-13 11:32:42,841 views 80300 135771941556544 User newuser registered successfully.
WARNING 2026-05-13 11:32:42,847 views 80300 135771941556544 Registration failed with errors: {"username": [{"message": "\u0418\u043c\u044f \u043f\u043e\u043b\u044c\u0437\u043e\u0432\u0430\u0442\u0435\u043b\u044f \u0434\u043e\u043b\u0436\u043d\u043e \u0441\u043e\u0434\u0435\u0440\u0436\u0430\u0442\u044c \u043c\u0438\u043d\u0438\u043c\u0443\u043c 5 \u0441\u0438\u043c\u0432\u043e\u043b\u043e\u0432.", "code": ""}], "email": [{"message": "\u041e\u0431\u044f\u0437\u0430\u0442\u0435\u043b\u044c\u043d\u043e\u0435 \u043f\u043e\u043b\u0435.", "code": "required"}]}
INFO 2026-05-13 11:32:43,448 signals 80300 135771941556544 User testuser logged in successfully.
INFO 2026-05-13 11:32:43,730 signals 80300 135771941556544 User testuser logged in successfully.
INFO 2026-05-13 11:32:44,018 signals 80300 135771941556544 User testuser logged in successfully.
INFO 2026-05-13 11:40:07,518 signals 86895 134820425310528 User testuser logged in successfully.
INFO 2026-05-13 11:40:07,523 views 86895 134820425310528 Analytics dashboard opened: user_id=1
INFO 2026-05-13 11:40:07,826 signals 86895 134820425310528 User testuser logged in successfully.
INFO 2026-05-13 11:40:08,117 signals 86895 134820425310528 User testuser logged in successfully.
INFO 2026-05-13 11:40:08,410 signals 86895 134820425310528 User testuser logged in successfully.
INFO 2026-05-13 11:40:08,416 views 86895 134820425310528 Habit created: user_id=1 habit_id=1 title=Morning run
INFO 2026-05-13 11:40:08,701 signals 86895 134820425310528 User testuser logged in successfully.
INFO 2026-05-13 11:40:08,708 views 86895 134820425310528 Habit updated: user_id=1 habit_id=1 title=Updated title
INFO 2026-05-13 11:40:08,993 signals 86895 134820425310528 User testuser logged in successfully.
WARNING 2026-05-13 11:40:09,000 views 86895 134820425310528 Habit deleted: user_id=1 habit_id=1 title=Read daily
INFO 2026-05-13 11:40:09,563 signals 86895 134820425310528 User anotheruser logged in successfully.
WARNING 2026-05-13 11:40:09,567 views 86895 134820425310528 Unauthorized habit access attempt: user_id=1 habit_id=1 owner_id=2
WARNING 2026-05-13 11:40:09,568 log 86895 134820425310528 Not Found: /habits/1/
INFO 2026-05-13 11:40:09,859 signals 86895 134820425310528 User testuser logged in successfully.
INFO 2026-05-13 11:40:09,864 views 86895 134820425310528 Habit completed: user_id=1 habit_id=1 completion_date=2026-05-13
INFO 2026-05-13 11:40:10,149 signals 86895 134820425310528 User testuser logged in successfully.
INFO 2026-05-13 11:40:10,154 views 86895 134820425310528 Habit completion skipped (already completed today): user_id=1 habit_id=1 completion_date=2026-05-13
INFO 2026-05-13 11:40:10,479 signals 86895 134820425310528 User newuser logged in successfully.
INFO 2026-05-13 11:40:10,479 views 86895 134820425310528 User newuser registered successfully.
WARNING 2026-05-13 11:40:10,485 views 86895 134820425310528 Registration failed with errors: {"username": [{"message": "\u0418\u043c\u044f \u043f\u043e\u043b\u044c\u0437\u043e\u0432\u0430\u0442\u0435\u043b\u044f \u0434\u043e\u043b\u0436\u043d\u043e \u0441\u043e\u0434\u0435\u0440\u0436\u0430\u0442\u044c \u043c\u0438\u043d\u0438\u043c\u0443\u043c 5 \u0441\u0438\u043c\u0432\u043e\u043b\u043e\u0432.", "code": ""}], "email": [{"message": "\u041e\u0431\u044f\u0437\u0430\u0442\u0435\u043b\u044c\u043d\u043e\u0435 \u043f\u043e\u043b\u0435.", "code": "required"}]}
INFO 2026-05-13 11:40:11,065 signals 86895 134820425310528 User testuser logged in successfully.
INFO 2026-05-13 11:40:11,350 signals 86895 134820425310528 User testuser logged in successfully.
INFO 2026-05-13 11:40:11,637 signals 86895 134820425310528 User testuser logged in successfully.
INFO 2026-05-13 11:44:32,547 signals 89451 127188289581376 User testuser logged in successfully.
INFO 2026-05-13 11:44:32,550 views 89451 127188289581376 Analytics dashboard opened: user_id=1
INFO 2026-05-13 11:44:32,724 signals 89451 127188289581376 User testuser logged in successfully.
INFO 2026-05-13 11:44:32,893 signals 89451 127188289581376 User testuser logged in successfully.
INFO 2026-05-13 11:44:33,063 signals 89451 127188289581376 User testuser logged in successfully.
INFO 2026-05-13 11:44:33,066 views 89451 127188289581376 Habit created: user_id=1 habit_id=1 title=Morning run
INFO 2026-05-13 11:44:33,231 signals 89451 127188289581376 User testuser logged in successfully.
INFO 2026-05-13 11:44:33,235 views 89451 127188289581376 Habit updated: user_id=1 habit_id=1 title=Updated title
INFO 2026-05-13 11:44:33,400 signals 89451 127188289581376 User testuser logged in successfully.
WARNING 2026-05-13 11:44:33,404 views 89451 127188289581376 Habit deleted: user_id=1 habit_id=1 title=Read daily
INFO 2026-05-13 11:44:33,730 signals 89451 127188289581376 User anotheruser logged in successfully.
WARNING 2026-05-13 11:44:33,732 views 89451 127188289581376 Unauthorized habit access attempt: user_id=1 habit_id=1 owner_id=2
WARNING 2026-05-13 11:44:33,733 log 89451 127188289581376 Not Found: /habits/1/
INFO 2026-05-13 11:44:33,897 signals 89451 127188289581376 User testuser logged in successfully.
INFO 2026-05-13 11:44:33,901 views 89451 127188289581376 Habit completed: user_id=1 habit_id=1 completion_date=2026-05-13
INFO 2026-05-13 11:44:34,066 signals 89451 127188289581376 User testuser logged in successfully.
INFO 2026-05-13 11:44:34,069 views 89451 127188289581376 Habit completion skipped (already completed today): user_id=1 habit_id=1 completion_date=2026-05-13
INFO 2026-05-13 11:44:34,256 signals 89451 127188289581376 User newuser logged in successfully.
INFO 2026-05-13 11:44:34,256 views 89451 127188289581376 User newuser registered successfully.
WARNING 2026-05-13 11:44:34,260 views 89451 127188289581376 Registration failed with errors: {"username": [{"message": "\u0418\u043c\u044f \u043f\u043e\u043b\u044c\u0437\u043e\u0432\u0430\u0442\u0435\u043b\u044f \u0434\u043e\u043b\u0436\u043d\u043e \u0441\u043e\u0434\u0435\u0440\u0436\u0430\u0442\u044c \u043c\u0438\u043d\u0438\u043c\u0443\u043c 5 \u0441\u0438\u043c\u0432\u043e\u043b\u043e\u0432.", "code": ""}], "email": [{"message": "\u041e\u0431\u044f\u0437\u0430\u0442\u0435\u043b\u044c\u043d\u043e\u0435 \u043f\u043e\u043b\u0435.", "code": "required"}]}
INFO 2026-05-13 11:44:34,591 signals 89451 127188289581376 User testuser logged in successfully.
INFO 2026-05-13 11:44:34,757 signals 89451 127188289581376 User testuser logged in successfully.
INFO 2026-05-13 11:44:34,924 signals 89451 127188289581376 User testuser logged in successfully.
INFO 2026-05-13 11:51:34,231 autoreload 99436 130659487162688 Watching for file changes with StatReloader
INFO 2026-05-13 11:52:09,906 log 99436 130658589275840 "GET / HTTP/1.1" 200 6625
INFO 2026-05-13 11:52:15,240 log 99436 130658589275840 "GET / HTTP/1.1" 200 6625
INFO 2026-05-13 11:52:17,044 log 99436 130658589275840 "GET /habits/ HTTP/1.1" 200 11150
INFO 2026-05-13 11:52:22,872 log 99436 130658589275840 "GET /habits/create/ HTTP/1.1" 200 9688
INFO 2026-05-13 11:52:41,946 views 99436 130658589275840 Habit created: user_id=1 habit_id=5 title=курить 40 сигарет
INFO 2026-05-13 11:52:41,947 log 99436 130658589275840 "POST /habits/create/ HTTP/1.1" 302 0
INFO 2026-05-13 11:52:41,970 log 99436 130658589275840 "GET /habits/5/ HTTP/1.1" 200 6789
INFO 2026-05-13 11:52:48,886 views 99436 130658589275840 Habit completed: user_id=1 habit_id=5 completion_date=2026-05-13
INFO 2026-05-13 11:52:48,888 log 99436 130658589275840 "POST /habits/5/complete/ HTTP/1.1" 302 0
INFO 2026-05-13 11:52:48,909 log 99436 130658589275840 "GET /habits/5/ HTTP/1.1" 200 7101
INFO 2026-05-13 11:52:51,267 log 99436 130658589275840 "GET /habits/ HTTP/1.1" 200 12922
INFO 2026-05-13 11:53:01,474 views 99436 130658589275840 Analytics dashboard opened: user_id=1
WARNING 2026-05-13 11:53:02,717 external_api 99436 130658589275840 Failed to fetch motivational quote: HTTPSConnectionPool(host='api.quotable.io', port=443): Max retries exceeded with url: /random (Caused by NameResolutionError("HTTPSConnection(host='api.quotable.io', port=443): Failed to resolve 'api.quotable.io' ([Errno -3] Temporary failure in name resolution)"))
INFO 2026-05-13 11:53:03,097 log 99436 130658589275840 "GET /analytics/ HTTP/1.1" 200 177693
INFO 2026-05-13 11:53:20,926 log 99436 130658589275840 "GET /habits/ HTTP/1.1" 200 12922
INFO 2026-05-13 11:53:23,693 log 99436 130658589275840 "GET /habits/4/ HTTP/1.1" 200 6763
INFO 2026-05-13 11:53:27,609 views 99436 130658589275840 Habit completed: user_id=1 habit_id=4 completion_date=2026-05-13
INFO 2026-05-13 11:53:27,610 log 99436 130658589275840 "POST /habits/4/complete/ HTTP/1.1" 302 0
INFO 2026-05-13 11:53:27,635 log 99436 130658589275840 "GET /habits/4/ HTTP/1.1" 200 7060
INFO 2026-05-13 11:53:30,850 views 99436 130658589275840 Habit completion skipped (already completed today): user_id=1 habit_id=4 completion_date=2026-05-13
INFO 2026-05-13 11:53:30,851 log 99436 130658589275840 "POST /habits/4/complete/ HTTP/1.1" 302 0
INFO 2026-05-13 11:53:30,867 log 99436 130658589275840 "GET /habits/4/ HTTP/1.1" 200 7060
INFO 2026-05-13 11:53:31,285 views 99436 130658589275840 Habit completion skipped (already completed today): user_id=1 habit_id=4 completion_date=2026-05-13
INFO 2026-05-13 11:53:31,286 log 99436 130658589275840 "POST /habits/4/complete/ HTTP/1.1" 302 0
INFO 2026-05-13 11:53:31,303 log 99436 130658589275840 "GET /habits/4/ HTTP/1.1" 200 7060
INFO 2026-05-13 11:53:31,609 views 99436 130658589275840 Habit completion skipped (already completed today): user_id=1 habit_id=4 completion_date=2026-05-13
INFO 2026-05-13 11:53:31,610 log 99436 130658589275840 "POST /habits/4/complete/ HTTP/1.1" 302 0
INFO 2026-05-13 11:53:31,630 log 99436 130658589275840 "GET /habits/4/ HTTP/1.1" 200 7060
INFO 2026-05-13 11:53:32,059 views 99436 130658589275840 Habit completion skipped (already completed today): user_id=1 habit_id=4 completion_date=2026-05-13
INFO 2026-05-13 11:53:32,060 log 99436 130658589275840 "POST /habits/4/complete/ HTTP/1.1" 302 0
INFO 2026-05-13 11:53:32,077 log 99436 130658589275840 "GET /habits/4/ HTTP/1.1" 200 7060
INFO 2026-05-13 11:53:33,414 views 99436 130658589275840 Analytics dashboard opened: user_id=1
INFO 2026-05-13 11:53:33,779 log 99436 130658589275840 "GET /analytics/ HTTP/1.1" 200 174510
INFO 2026-05-13 13:03:26,500 signals 134134 131366295032128 User testuser logged in successfully.
INFO 2026-05-13 13:03:26,506 views 134134 131366295032128 Analytics dashboard opened: user_id=1
INFO 2026-05-13 13:03:26,891 signals 134134 131366295032128 User testuser logged in successfully.
INFO 2026-05-13 13:03:27,204 signals 134134 131366295032128 User testuser logged in successfully.
INFO 2026-05-13 13:03:27,520 signals 134134 131366295032128 User testuser logged in successfully.
INFO 2026-05-13 13:03:27,526 views 134134 131366295032128 Habit created: user_id=1 habit_id=1 title=Morning run
INFO 2026-05-13 13:03:27,838 signals 134134 131366295032128 User testuser logged in successfully.
INFO 2026-05-13 13:03:27,845 views 134134 131366295032128 Habit updated: user_id=1 habit_id=1 title=Updated title
INFO 2026-05-13 13:03:28,158 signals 134134 131366295032128 User testuser logged in successfully.
WARNING 2026-05-13 13:03:28,166 views 134134 131366295032128 Habit deleted: user_id=1 habit_id=1 title=Read daily
INFO 2026-05-13 13:03:28,765 signals 134134 131366295032128 User anotheruser logged in successfully.
WARNING 2026-05-13 13:03:28,769 views 134134 131366295032128 Unauthorized habit access attempt: user_id=1 habit_id=1 owner_id=2
WARNING 2026-05-13 13:03:28,771 log 134134 131366295032128 Not Found: /habits/1/
INFO 2026-05-13 13:03:29,056 signals 134134 131366295032128 User testuser logged in successfully.
INFO 2026-05-13 13:03:29,062 views 134134 131366295032128 Habit completed: user_id=1 habit_id=1 completion_date=2026-05-13
INFO 2026-05-13 13:03:29,369 signals 134134 131366295032128 User testuser logged in successfully.
INFO 2026-05-13 13:03:29,374 views 134134 131366295032128 Habit completion skipped (already completed today): user_id=1 habit_id=1 completion_date=2026-05-13
INFO 2026-05-13 13:03:29,719 signals 134134 131366295032128 User newuser logged in successfully.
INFO 2026-05-13 13:03:29,719 views 134134 131366295032128 User newuser registered successfully.
WARNING 2026-05-13 13:03:29,725 views 134134 131366295032128 Registration failed with errors: {"username": [{"message": "\u0418\u043c\u044f \u043f\u043e\u043b\u044c\u0437\u043e\u0432\u0430\u0442\u0435\u043b\u044f \u0434\u043e\u043b\u0436\u043d\u043e \u0441\u043e\u0434\u0435\u0440\u0436\u0430\u0442\u044c \u043c\u0438\u043d\u0438\u043c\u0443\u043c 5 \u0441\u0438\u043c\u0432\u043e\u043b\u043e\u0432.", "code": ""}], "email": [{"message": "\u041e\u0431\u044f\u0437\u0430\u0442\u0435\u043b\u044c\u043d\u043e\u0435 \u043f\u043e\u043b\u0435.", "code": "required"}]}
INFO 2026-05-13 13:03:30,327 signals 134134 131366295032128 User testuser logged in successfully.
INFO 2026-05-13 13:03:30,612 signals 134134 131366295032128 User testuser logged in successfully.
INFO 2026-05-13 13:03:30,898 signals 134134 131366295032128 User testuser logged in successfully.
